
> frontand@0.1.0 build
> react-scripts build

node.exe : (node:34192) [DEP0176] DeprecationWarning: fs.F_OK is deprecated, use 
fs.constants.F_OK instead
At line:1 char:1
+ & "C:\Program Files\nodejs/node.exe" "C:\Program Files\nodejs/node_mo ...
+ ~~~~~~~~~~~~~~~~~~~~~~~~~~~~~~~~~~~~~~~~~~~~~~~~~~~~~~~~~~~~~~~~~~~~~
    + CategoryInfo          : NotSpecified: ((node:34192) [D...ts.F_OK instead:String) [], 
    RemoteException
    + FullyQualifiedErrorId : NativeCommandError
 
(Use `node --trace-deprecation ...` to show where the warning was created)
Creating an optimized production build...
Compiled with warnings.

Failed to parse source map from 'C:\Users\dines\OneDrive\Desktop\final-project\frontend\node_modules\vis-data\src\data-interface.ts' file: Error: ENOENT: no such file or directory, open 'C:\Users\dines\OneDrive\Desktop\final-project\frontend\node_modules\vis-data\src\data-interface.ts'

Failed to parse source map from 'C:\Users\dines\OneDrive\Desktop\final-project\frontend\node_modules\vis-data\src\data-pipe.ts' file: Error: ENOENT: no such file or directory, open 'C:\Users\dines\OneDrive\Desktop\final-project\frontend\node_modules\vis-data\src\data-pipe.ts'

Failed to parse source map from 'C:\Users\dines\OneDrive\Desktop\final-project\frontend\node_modules\vis-data\src\data-set-check.ts' file: Error: ENOENT: no such file or directory, open 'C:\Users\dines\OneDrive\Desktop\final-project\frontend\node_modules\vis-data\src\data-set-check.ts'

Failed to parse source map from 'C:\Users\dines\OneDrive\Desktop\final-project\frontend\node_modules\vis-data\src\data-set-part.ts' file: Error: ENOENT: no such file or directory, open 'C:\Users\dines\OneDrive\Desktop\final-project\frontend\node_modules\vis-data\src\data-set-part.ts'

Failed to parse source map from 'C:\Users\dines\OneDrive\Desktop\final-project\frontend\node_modules\vis-data\src\data-set.ts' file: Error: ENOENT: no such file or directory, open 'C:\Users\dines\OneDrive\Desktop\final-project\frontend\node_modules\vis-data\src\data-set.ts'

Failed to parse source map from 'C:\Users\dines\OneDrive\Desktop\final-project\frontend\node_modules\vis-data\src\data-stream.ts' file: Error: ENOENT: no such file or directory, open 'C:\Users\dines\OneDrive\Desktop\final-project\frontend\node_modules\vis-data\src\data-stream.ts'

Failed to parse source map from 'C:\Users\dines\OneDrive\Desktop\final-project\frontend\node_modules\vis-data\src\data-view-check.ts' file: Error: ENOENT: no such file or directory, open 'C:\Users\dines\OneDrive\Desktop\final-project\frontend\node_modules\vis-data\src\data-view-check.ts'

Failed to parse source map from 'C:\Users\dines\OneDrive\Desktop\final-project\frontend\node_modules\vis-data\src\data-view.ts' file: Error: ENOENT: no such file or directory, open 'C:\Users\dines\OneDrive\Desktop\final-project\frontend\node_modules\vis-data\src\data-view.ts'

Failed to parse source map from 'C:\Users\dines\OneDrive\Desktop\final-project\frontend\node_modules\vis-data\src\queue.ts' file: Error: ENOENT: no such file or directory, open 'C:\Users\dines\OneDrive\Desktop\final-project\frontend\node_modules\vis-data\src\queue.ts'

Failed to parse source map from 'C:\Users\dines\OneDrive\Desktop\final-project\frontend\node_modules\vis-network\lib\entry-esnext.ts' file: Error: ENOENT: no such file or directory, open 'C:\Users\dines\OneDrive\Desktop\final-project\frontend\node_modules\vis-network\lib\entry-esnext.ts'

Failed to parse source map from 'C:\Users\dines\OneDrive\Desktop\final-project\frontend\node_modules\vis-network\lib\network\gephiParser.ts' file: Error: ENOENT: no such file or directory, open 'C:\Users\dines\OneDrive\Desktop\final-project\frontend\node_modules\vis-network\lib\network\gephiParser.ts'

Failed to parse source map from 'C:\Users\dines\OneDrive\Desktop\final-project\frontend\node_modules\vis-network\lib\network\locale-utils.ts' file: Error: ENOENT: no such file or directory, open 'C:\Users\dines\OneDrive\Desktop\final-project\frontend\node_modules\vis-network\lib\network\locale-utils.ts'

Failed to parse source map from 'C:\Users\dines\OneDrive\Desktop\final-project\frontend\node_modules\vis-network\lib\network\locales.ts' file: Error: ENOENT: no such file or directory, open 'C:\Users\dines\OneDrive\Desktop\final-project\frontend\node_modules\vis-network\lib\network\locales.ts'

Failed to parse source map from 'C:\Users\dines\OneDrive\Desktop\final-project\frontend\node_modules\vis-network\lib\network\modules\components\edges\bezier-edge-dynamic.ts' file: Error: ENOENT: no such file or directory, open 'C:\Users\dines\OneDrive\Desktop\final-project\frontend\node_modules\vis-network\lib\network\modules\components\edges\bezier-edge-dynamic.ts'

Failed to parse source map from 'C:\Users\dines\OneDrive\Desktop\final-project\frontend\node_modules\vis-network\lib\network\modules\components\edges\bezier-edge-static.ts' file: Error: ENOENT: no such file or directory, open 'C:\Users\dines\OneDrive\Desktop\final-project\frontend\node_modules\vis-network\lib\network\modules\components\edges\bezier-edge-static.ts'

Failed to parse source map from 'C:\Users\dines\OneDrive\Desktop\final-project\frontend\node_modules\vis-network\lib\network\modules\components\edges\cubic-bezier-edge.ts' file: Error: ENOENT: no such file or directory, open 'C:\Users\dines\OneDrive\Desktop\final-project\frontend\node_modules\vis-network\lib\network\modules\components\edges\cubic-bezier-edge.ts'

Failed to parse source map from 'C:\Users\dines\OneDrive\Desktop\final-project\frontend\node_modules\vis-network\lib\network\modules\components\edges\straight-edge.ts' file: Error: ENOENT: no such file or directory, open 'C:\Users\dines\OneDrive\Desktop\final-project\frontend\node_modules\vis-network\lib\network\modules\components\edges\straight-edge.ts'

Failed to parse source map from 'C:\Users\dines\OneDrive\Desktop\final-project\frontend\node_modules\vis-network\lib\network\modules\components\edges\util\bezier-edge-base.ts' file: Error: ENOENT: no such file or directory, open 'C:\Users\dines\OneDrive\Desktop\final-project\frontend\node_modules\vis-network\lib\network\modules\components\edges\util\bezier-edge-base.ts'

Failed to parse source map from 'C:\Users\dines\OneDrive\Desktop\final-project\frontend\node_modules\vis-network\lib\network\modules\components\edges\util\cubic-bezier-edge-base.ts' file: Error: ENOENT: no such file or directory, open 'C:\Users\dines\OneDrive\Desktop\final-project\frontend\node_modules\vis-network\lib\network\modules\components\edges\util\cubic-bezier-edge-base.ts'

Failed to parse source map from 'C:\Users\dines\OneDrive\Desktop\final-project\frontend\node_modules\vis-network\lib\network\modules\components\edges\util\edge-base.ts' file: Error: ENOENT: no such file or directory, open 'C:\Users\dines\OneDrive\Desktop\final-project\frontend\node_modules\vis-network\lib\network\modules\components\edges\util\edge-base.ts'

Failed to parse source map from 'C:\Users\dines\OneDrive\Desktop\final-project\frontend\node_modules\vis-network\lib\network\modules\components\edges\util\end-points.ts' file: Error: ENOENT: no such file or directory, open 'C:\Users\dines\OneDrive\Desktop\final-project\frontend\node_modules\vis-network\lib\network\modules\components\edges\util\end-points.ts'

Failed to parse source map from 'C:\Users\dines\OneDrive\Desktop\final-project\frontend\node_modules\vis-network\lib\network\modules\layout-engine\index.ts' file: Error: ENOENT: no such file or directory, open 'C:\Users\dines\OneDrive\Desktop\final-project\frontend\node_modules\vis-network\lib\network\modules\layout-engine\index.ts'

Failed to parse source map from 'C:\Users\dines\OneDrive\Desktop\final-project\frontend\node_modules\vis-network\lib\network\modules\selection\selection-accumulator.ts' file: Error: ENOENT: no such file or directory, open 'C:\Users\dines\OneDrive\Desktop\final-project\frontend\node_modules\vis-network\lib\network\modules\selection\selection-accumulator.ts'

Failed to parse source map from 'C:\Users\dines\OneDrive\Desktop\final-project\frontend\node_modules\vis-network\lib\network\modules\view-handler\index.ts' file: Error: ENOENT: no such file or directory, open 'C:\Users\dines\OneDrive\Desktop\final-project\frontend\node_modules\vis-network\lib\network\modules\view-handler\index.ts'

Failed to parse source map from 'C:\Users\dines\OneDrive\Desktop\final-project\frontend\node_modules\vis-network\lib\network\options.ts' file: Error: ENOENT: no such file or directory, open 'C:\Users\dines\OneDrive\Desktop\final-project\frontend\node_modules\vis-network\lib\network\options.ts'

Failed to parse source map from 'C:\Users\dines\OneDrive\Desktop\final-project\frontend\node_modules\vis-network\lib\network\shapes.ts' file: Error: ENOENT: no such file or directory, open 'C:\Users\dines\OneDrive\Desktop\final-project\frontend\node_modules\vis-network\lib\network\shapes.ts'

[eslint] 
src\components\NotificationBell.tsx
  Line 29:6:  React Hook useEffect has a missing dependency: 'loadUnreadCount'. Either include it or remove the dependency array   react-hooks/exhaustive-deps
  Line 50:6:  React Hook useEffect has a missing dependency: 'loadRecentAlerts'. Either include it or remove the dependency array  react-hooks/exhaustive-deps

src\pages\AlertSettings.tsx
  Line 92:6:  React Hook useEffect has a missing dependency: 'loadSettings'. Either include it or remove the dependency array  react-hooks/exhaustive-deps

src\pages\AlertsDashboard.tsx
  Line 34:6:  React Hook useEffect has missing dependencies: 'loadAlerts' and 'loadStats'. Either include them or remove the dependency array  react-hooks/exhaustive-deps

src\pages\Profile.tsx
  Line 30:7:   'ApiKeysSection' is assigned a value but never used       @typescript-eslint/no-unused-vars
  Line 559:9:  'handleUpdateApiKeys' is assigned a value but never used  @typescript-eslint/no-unused-vars

src\pages\Results.tsx
  Line 308:9:  'keywords' is assigned a value but never used  @typescript-eslint/no-unused-vars
  Line 309:9:  'metrics' is assigned a value but never used   @typescript-eslint/no-unused-vars

Search for the keywords to learn more about each warning.
To ignore, add // eslint-disable-next-line to the line before.

File sizes after gzip:

  845.22 kB  build\static\js\main.e1002cdd.js
  49.23 kB   build\static\css\main.2f474a36.css
  43.25 kB   build\static\js\455.2f82b3c3.chunk.js
  8.69 kB    build\static\js\977.76645497.chunk.js
  1.76 kB    build\static\js\453.4f17172e.chunk.js

The bundle size is significantly larger than recommended.
Consider reducing it with code splitting: https://goo.gl/9VhYWB
You can also analyze the project dependencies: https://goo.gl/LeUzfb

The project was built assuming it is hosted at /.
You can control this with the homepage field in your package.json.

The build folder is ready to be deployed.
You may serve it with a static server:

  npm install -g serve
  serve -s build

Find out more about deployment here:

  https://cra.link/deployment

